// Jest Snapshot v1, https://goo.gl/fbAQLP

exports[`Component --- Description should render correctly 1`] = `
<Row
  gutter={0}
  type="flex"
>
  <Col />
  <Col
    lg={
      Object {
        "span": 12,
      }
    }
    md={
      Object {
        "span": 12,
      }
    }
    sm={16}
    xl={
      Object {
        "span": 12,
      }
    }
  />
</Row>
`;
